Archive member included because of file (symbol)

c:/program files (x86)/atmel/atmel toolchain/avr8 gcc/native/3.4.1056/avr8-gnu-toolchain/bin/../lib/gcc/avr/4.8.1/avr25\libgcc.a(_exit.o)
                              c:/program files (x86)/atmel/atmel toolchain/avr8 gcc/native/3.4.1056/avr8-gnu-toolchain/bin/../lib/gcc/avr/4.8.1/../../../../avr/lib/avr25/crttn85.o (exit)
c:/program files (x86)/atmel/atmel toolchain/avr8 gcc/native/3.4.1056/avr8-gnu-toolchain/bin/../lib/gcc/avr/4.8.1/avr25\libgcc.a(_copy_data.o)
                              CaliperDecoder.o (__do_copy_data)
c:/program files (x86)/atmel/atmel toolchain/avr8 gcc/native/3.4.1056/avr8-gnu-toolchain/bin/../lib/gcc/avr/4.8.1/avr25\libgcc.a(_clear_bss.o)
                              CaliperDecoder.o (__do_clear_bss)

Allocating common symbols
Common symbol       size              file

lom                 0x2               CaliperDecoder.o
him                 0x2               CaliperDecoder.o

Discarded input sections

 .bss           0x00000000        0x0 c:/program files (x86)/atmel/atmel toolchain/avr8 gcc/native/3.4.1056/avr8-gnu-toolchain/bin/../lib/gcc/avr/4.8.1/../../../../avr/lib/avr25/crttn85.o
 .group         0x00000000        0x8 CaliperDecoder.o
 .group         0x00000000        0x8 CaliperDecoder.o
 .group         0x00000000        0x8 CaliperDecoder.o
 .group         0x00000000        0x8 CaliperDecoder.o
 .group         0x00000000        0x8 CaliperDecoder.o
 .group         0x00000000        0x8 CaliperDecoder.o
 .group         0x00000000        0x8 CaliperDecoder.o
 .group         0x00000000        0x8 CaliperDecoder.o
 .group         0x00000000        0x8 CaliperDecoder.o
 .group         0x00000000        0x8 CaliperDecoder.o
 .group         0x00000000        0x8 CaliperDecoder.o
 .group         0x00000000        0x8 CaliperDecoder.o
 .group         0x00000000        0x8 CaliperDecoder.o
 .group         0x00000000        0x8 CaliperDecoder.o
 .group         0x00000000        0x8 CaliperDecoder.o
 .group         0x00000000        0x8 CaliperDecoder.o
 .group         0x00000000        0x8 CaliperDecoder.o
 .group         0x00000000        0x8 CaliperDecoder.o
 .text          0x00000000        0x0 CaliperDecoder.o
 .bss           0x00000000        0x0 CaliperDecoder.o
 .bss.f         0x00000000        0x4 CaliperDecoder.o
 .data.np       0x00000000        0x1 CaliperDecoder.o
 .group         0x00000000        0x8 usiTwiSlave.o
 .group         0x00000000        0x8 usiTwiSlave.o
 .group         0x00000000        0x8 usiTwiSlave.o
 .group         0x00000000        0x8 usiTwiSlave.o
 .group         0x00000000        0x8 usiTwiSlave.o
 .group         0x00000000        0x8 usiTwiSlave.o
 .group         0x00000000        0x8 usiTwiSlave.o
 .group         0x00000000        0x8 usiTwiSlave.o
 .group         0x00000000        0x8 usiTwiSlave.o
 .group         0x00000000        0x8 usiTwiSlave.o
 .group         0x00000000        0x8 usiTwiSlave.o
 .group         0x00000000        0x8 usiTwiSlave.o
 .group         0x00000000        0x8 usiTwiSlave.o
 .group         0x00000000        0x8 usiTwiSlave.o
 .group         0x00000000        0x8 usiTwiSlave.o
 .text          0x00000000        0x0 usiTwiSlave.o
 .bss           0x00000000        0x0 usiTwiSlave.o
 .debug_macro   0x00000000      0xa12 usiTwiSlave.o
 .debug_macro   0x00000000       0x10 usiTwiSlave.o
 .debug_macro   0x00000000      0x1ad usiTwiSlave.o
 .debug_macro   0x00000000      0x293 usiTwiSlave.o
 .debug_macro   0x00000000       0x9e usiTwiSlave.o
 .debug_macro   0x00000000      0x7ba usiTwiSlave.o
 .debug_macro   0x00000000       0xc4 usiTwiSlave.o
 .debug_macro   0x00000000       0xc2 usiTwiSlave.o
 .debug_macro   0x00000000       0xbd usiTwiSlave.o
 .debug_macro   0x00000000       0x34 usiTwiSlave.o
 .debug_macro   0x00000000       0x18 usiTwiSlave.o
 .debug_macro   0x00000000       0x34 usiTwiSlave.o
 .debug_macro   0x00000000       0x69 usiTwiSlave.o
 .debug_macro   0x00000000       0x22 usiTwiSlave.o
 .debug_macro   0x00000000       0x1c usiTwiSlave.o
 .text          0x00000000        0x0 c:/program files (x86)/atmel/atmel toolchain/avr8 gcc/native/3.4.1056/avr8-gnu-toolchain/bin/../lib/gcc/avr/4.8.1/avr25\libgcc.a(_exit.o)
 .bss           0x00000000        0x0 c:/program files (x86)/atmel/atmel toolchain/avr8 gcc/native/3.4.1056/avr8-gnu-toolchain/bin/../lib/gcc/avr/4.8.1/avr25\libgcc.a(_exit.o)
 .text.libgcc.mul
                0x00000000        0x0 c:/program files (x86)/atmel/atmel toolchain/avr8 gcc/native/3.4.1056/avr8-gnu-toolchain/bin/../lib/gcc/avr/4.8.1/avr25\libgcc.a(_exit.o)
 .text.libgcc.div
                0x00000000        0x0 c:/program files (x86)/atmel/atmel toolchain/avr8 gcc/native/3.4.1056/avr8-gnu-toolchain/bin/../lib/gcc/avr/4.8.1/avr25\libgcc.a(_exit.o)
 .text.libgcc   0x00000000        0x0 c:/program files (x86)/atmel/atmel toolchain/avr8 gcc/native/3.4.1056/avr8-gnu-toolchain/bin/../lib/gcc/avr/4.8.1/avr25\libgcc.a(_exit.o)
 .text.libgcc.prologue
                0x00000000        0x0 c:/program files (x86)/atmel/atmel toolchain/avr8 gcc/native/3.4.1056/avr8-gnu-toolchain/bin/../lib/gcc/avr/4.8.1/avr25\libgcc.a(_exit.o)
 .text.libgcc.builtins
                0x00000000        0x0 c:/program files (x86)/atmel/atmel toolchain/avr8 gcc/native/3.4.1056/avr8-gnu-toolchain/bin/../lib/gcc/avr/4.8.1/avr25\libgcc.a(_exit.o)
 .text.libgcc.fmul
                0x00000000        0x0 c:/program files (x86)/atmel/atmel toolchain/avr8 gcc/native/3.4.1056/avr8-gnu-toolchain/bin/../lib/gcc/avr/4.8.1/avr25\libgcc.a(_exit.o)
 .text.libgcc.fixed
                0x00000000        0x0 c:/program files (x86)/atmel/atmel toolchain/avr8 gcc/native/3.4.1056/avr8-gnu-toolchain/bin/../lib/gcc/avr/4.8.1/avr25\libgcc.a(_exit.o)
 .text          0x00000000        0x0 c:/program files (x86)/atmel/atmel toolchain/avr8 gcc/native/3.4.1056/avr8-gnu-toolchain/bin/../lib/gcc/avr/4.8.1/avr25\libgcc.a(_copy_data.o)
 .bss           0x00000000        0x0 c:/program files (x86)/atmel/atmel toolchain/avr8 gcc/native/3.4.1056/avr8-gnu-toolchain/bin/../lib/gcc/avr/4.8.1/avr25\libgcc.a(_copy_data.o)
 .text.libgcc.mul
                0x00000000        0x0 c:/program files (x86)/atmel/atmel toolchain/avr8 gcc/native/3.4.1056/avr8-gnu-toolchain/bin/../lib/gcc/avr/4.8.1/avr25\libgcc.a(_copy_data.o)
 .text.libgcc.div
                0x00000000        0x0 c:/program files (x86)/atmel/atmel toolchain/avr8 gcc/native/3.4.1056/avr8-gnu-toolchain/bin/../lib/gcc/avr/4.8.1/avr25\libgcc.a(_copy_data.o)
 .text.libgcc   0x00000000        0x0 c:/program files (x86)/atmel/atmel toolchain/avr8 gcc/native/3.4.1056/avr8-gnu-toolchain/bin/../lib/gcc/avr/4.8.1/avr25\libgcc.a(_copy_data.o)
 .text.libgcc.prologue
                0x00000000        0x0 c:/program files (x86)/atmel/atmel toolchain/avr8 gcc/native/3.4.1056/avr8-gnu-toolchain/bin/../lib/gcc/avr/4.8.1/avr25\libgcc.a(_copy_data.o)
 .text.libgcc.builtins
                0x00000000        0x0 c:/program files (x86)/atmel/atmel toolchain/avr8 gcc/native/3.4.1056/avr8-gnu-toolchain/bin/../lib/gcc/avr/4.8.1/avr25\libgcc.a(_copy_data.o)
 .text.libgcc.fmul
                0x00000000        0x0 c:/program files (x86)/atmel/atmel toolchain/avr8 gcc/native/3.4.1056/avr8-gnu-toolchain/bin/../lib/gcc/avr/4.8.1/avr25\libgcc.a(_copy_data.o)
 .text.libgcc.fixed
                0x00000000        0x0 c:/program files (x86)/atmel/atmel toolchain/avr8 gcc/native/3.4.1056/avr8-gnu-toolchain/bin/../lib/gcc/avr/4.8.1/avr25\libgcc.a(_copy_data.o)
 .text          0x00000000        0x0 c:/program files (x86)/atmel/atmel toolchain/avr8 gcc/native/3.4.1056/avr8-gnu-toolchain/bin/../lib/gcc/avr/4.8.1/avr25\libgcc.a(_clear_bss.o)
 .bss           0x00000000        0x0 c:/program files (x86)/atmel/atmel toolchain/avr8 gcc/native/3.4.1056/avr8-gnu-toolchain/bin/../lib/gcc/avr/4.8.1/avr25\libgcc.a(_clear_bss.o)
 .text.libgcc.mul
                0x00000000        0x0 c:/program files (x86)/atmel/atmel toolchain/avr8 gcc/native/3.4.1056/avr8-gnu-toolchain/bin/../lib/gcc/avr/4.8.1/avr25\libgcc.a(_clear_bss.o)
 .text.libgcc.div
                0x00000000        0x0 c:/program files (x86)/atmel/atmel toolchain/avr8 gcc/native/3.4.1056/avr8-gnu-toolchain/bin/../lib/gcc/avr/4.8.1/avr25\libgcc.a(_clear_bss.o)
 .text.libgcc   0x00000000        0x0 c:/program files (x86)/atmel/atmel toolchain/avr8 gcc/native/3.4.1056/avr8-gnu-toolchain/bin/../lib/gcc/avr/4.8.1/avr25\libgcc.a(_clear_bss.o)
 .text.libgcc.prologue
                0x00000000        0x0 c:/program files (x86)/atmel/atmel toolchain/avr8 gcc/native/3.4.1056/avr8-gnu-toolchain/bin/../lib/gcc/avr/4.8.1/avr25\libgcc.a(_clear_bss.o)
 .text.libgcc.builtins
                0x00000000        0x0 c:/program files (x86)/atmel/atmel toolchain/avr8 gcc/native/3.4.1056/avr8-gnu-toolchain/bin/../lib/gcc/avr/4.8.1/avr25\libgcc.a(_clear_bss.o)
 .text.libgcc.fmul
                0x00000000        0x0 c:/program files (x86)/atmel/atmel toolchain/avr8 gcc/native/3.4.1056/avr8-gnu-toolchain/bin/../lib/gcc/avr/4.8.1/avr25\libgcc.a(_clear_bss.o)
 .text.libgcc.fixed
                0x00000000        0x0 c:/program files (x86)/atmel/atmel toolchain/avr8 gcc/native/3.4.1056/avr8-gnu-toolchain/bin/../lib/gcc/avr/4.8.1/avr25\libgcc.a(_clear_bss.o)

Memory Configuration

Name             Origin             Length             Attributes
text             0x00000000         0x00002000         xr
data             0x00800060         0x0000ffa0         rw !x
eeprom           0x00810000         0x00010000         rw !x
fuse             0x00820000         0x00000400         rw !x
lock             0x00830000         0x00000400         rw !x
signature        0x00840000         0x00000400         rw !x
user_signatures  0x00850000         0x00000400         rw !x
*default*        0x00000000         0xffffffff

Linker script and memory map

LOAD c:/program files (x86)/atmel/atmel toolchain/avr8 gcc/native/3.4.1056/avr8-gnu-toolchain/bin/../lib/gcc/avr/4.8.1/../../../../avr/lib/avr25/crttn85.o
LOAD CaliperDecoder.o
LOAD usiTwiSlave.o
START GROUP
LOAD c:/program files (x86)/atmel/atmel toolchain/avr8 gcc/native/3.4.1056/avr8-gnu-toolchain/bin/../lib/gcc/avr/4.8.1/../../../../avr/lib/avr25\libm.a
END GROUP
START GROUP
LOAD c:/program files (x86)/atmel/atmel toolchain/avr8 gcc/native/3.4.1056/avr8-gnu-toolchain/bin/../lib/gcc/avr/4.8.1/avr25\libgcc.a
LOAD c:/program files (x86)/atmel/atmel toolchain/avr8 gcc/native/3.4.1056/avr8-gnu-toolchain/bin/../lib/gcc/avr/4.8.1/../../../../avr/lib/avr25\libm.a
LOAD c:/program files (x86)/atmel/atmel toolchain/avr8 gcc/native/3.4.1056/avr8-gnu-toolchain/bin/../lib/gcc/avr/4.8.1/../../../../avr/lib/avr25\libc.a
END GROUP

.hash
 *(.hash)

.dynsym
 *(.dynsym)

.dynstr
 *(.dynstr)

.gnu.version
 *(.gnu.version)

.gnu.version_d
 *(.gnu.version_d)

.gnu.version_r
 *(.gnu.version_r)

.rel.init
 *(.rel.init)

.rela.init
 *(.rela.init)

.rel.text
 *(.rel.text)
 *(.rel.text.*)
 *(.rel.gnu.linkonce.t*)

.rela.text
 *(.rela.text)
 *(.rela.text.*)
 *(.rela.gnu.linkonce.t*)

.rel.fini
 *(.rel.fini)

.rela.fini
 *(.rela.fini)

.rel.rodata
 *(.rel.rodata)
 *(.rel.rodata.*)
 *(.rel.gnu.linkonce.r*)

.rela.rodata
 *(.rela.rodata)
 *(.rela.rodata.*)
 *(.rela.gnu.linkonce.r*)

.rel.data
 *(.rel.data)
 *(.rel.data.*)
 *(.rel.gnu.linkonce.d*)

.rela.data
 *(.rela.data)
 *(.rela.data.*)
 *(.rela.gnu.linkonce.d*)

.rel.ctors
 *(.rel.ctors)

.rela.ctors
 *(.rela.ctors)

.rel.dtors
 *(.rel.dtors)

.rela.dtors
 *(.rela.dtors)

.rel.got
 *(.rel.got)

.rela.got
 *(.rela.got)

.rel.bss
 *(.rel.bss)

.rela.bss
 *(.rela.bss)

.rel.plt
 *(.rel.plt)

.rela.plt
 *(.rela.plt)

.text           0x00000000      0x376
 *(.vectors)
 .vectors       0x00000000       0x1e c:/program files (x86)/atmel/atmel toolchain/avr8 gcc/native/3.4.1056/avr8-gnu-toolchain/bin/../lib/gcc/avr/4.8.1/../../../../avr/lib/avr25/crttn85.o
                0x00000000                __vector_default
                0x00000000                __vectors
 *(.vectors)
 *(.progmem.gcc*)
                0x0000001e                . = ALIGN (0x2)
                0x0000001e                __trampolines_start = .
 *(.trampolines)
 .trampolines   0x0000001e        0x0 linker stubs
 *(.trampolines*)
                0x0000001e                __trampolines_end = .
 *(.progmem*)
                0x0000001e                . = ALIGN (0x2)
 *(.jumptables)
 *(.jumptables*)
 *(.lowtext)
 *(.lowtext*)
                0x0000001e                __ctors_start = .
 *(.ctors)
                0x0000001e                __ctors_end = .
                0x0000001e                __dtors_start = .
 *(.dtors)
                0x0000001e                __dtors_end = .
 SORT(*)(.ctors)
 SORT(*)(.dtors)
 *(.init0)
 .init0         0x0000001e        0x0 c:/program files (x86)/atmel/atmel toolchain/avr8 gcc/native/3.4.1056/avr8-gnu-toolchain/bin/../lib/gcc/avr/4.8.1/../../../../avr/lib/avr25/crttn85.o
                0x0000001e                __init
 *(.init0)
 *(.init1)
 *(.init1)
 *(.init2)
 .init2         0x0000001e        0xc c:/program files (x86)/atmel/atmel toolchain/avr8 gcc/native/3.4.1056/avr8-gnu-toolchain/bin/../lib/gcc/avr/4.8.1/../../../../avr/lib/avr25/crttn85.o
 *(.init2)
 *(.init3)
 *(.init3)
 *(.init4)
 .init4         0x0000002a       0x16 c:/program files (x86)/atmel/atmel toolchain/avr8 gcc/native/3.4.1056/avr8-gnu-toolchain/bin/../lib/gcc/avr/4.8.1/avr25\libgcc.a(_copy_data.o)
                0x0000002a                __do_copy_data
 .init4         0x00000040       0x10 c:/program files (x86)/atmel/atmel toolchain/avr8 gcc/native/3.4.1056/avr8-gnu-toolchain/bin/../lib/gcc/avr/4.8.1/avr25\libgcc.a(_clear_bss.o)
                0x00000040                __do_clear_bss
 *(.init4)
 *(.init5)
 *(.init5)
 *(.init6)
 *(.init6)
 *(.init7)
 *(.init7)
 *(.init8)
 *(.init8)
 *(.init9)
 .init9         0x00000050        0x4 c:/program files (x86)/atmel/atmel toolchain/avr8 gcc/native/3.4.1056/avr8-gnu-toolchain/bin/../lib/gcc/avr/4.8.1/../../../../avr/lib/avr25/crttn85.o
 *(.init9)
 *(.text)
 .text          0x00000054        0x2 c:/program files (x86)/atmel/atmel toolchain/avr8 gcc/native/3.4.1056/avr8-gnu-toolchain/bin/../lib/gcc/avr/4.8.1/../../../../avr/lib/avr25/crttn85.o
                0x00000054                __vector_1
                0x00000054                __vector_12
                0x00000054                __bad_interrupt
                0x00000054                __vector_6
                0x00000054                __vector_3
                0x00000054                __vector_11
                0x00000054                __vector_7
                0x00000054                __vector_5
                0x00000054                __vector_4
                0x00000054                __vector_9
                0x00000054                __vector_8
                0x00000056                . = ALIGN (0x2)
 *(.text.*)
 .text.__vector_10
                0x00000056       0x2e CaliperDecoder.o
                0x00000056                __vector_10
 .text.__vector_2
                0x00000084       0xde CaliperDecoder.o
                0x00000084                __vector_2
 .text.init     0x00000162       0x30 CaliperDecoder.o
                0x00000162                init
 .text.startup.main
                0x00000192       0x24 CaliperDecoder.o
                0x00000192                main
 .text.usiTwiSlaveInit
                0x000001b6       0x2a usiTwiSlave.o
                0x000001b6                usiTwiSlaveInit
 .text.usiTwiTransmitByte
                0x000001e0       0x20 usiTwiSlave.o
                0x000001e0                usiTwiTransmitByte
 .text.usiTwiReceiveByte
                0x00000200       0x26 usiTwiSlave.o
                0x00000200                usiTwiReceiveByte
 .text.usiTwiDataInReceiveBuffer
                0x00000226       0x12 usiTwiSlave.o
                0x00000226                usiTwiDataInReceiveBuffer
 .text.__vector_13
                0x00000238       0x48 usiTwiSlave.o
                0x00000238                __vector_13
 .text.__vector_14
                0x00000280       0xf2 usiTwiSlave.o
                0x00000280                __vector_14
                0x00000372                . = ALIGN (0x2)
 *(.fini9)
 .fini9         0x00000372        0x0 c:/program files (x86)/atmel/atmel toolchain/avr8 gcc/native/3.4.1056/avr8-gnu-toolchain/bin/../lib/gcc/avr/4.8.1/avr25\libgcc.a(_exit.o)
                0x00000372                _exit
                0x00000372                exit
 *(.fini9)
 *(.fini8)
 *(.fini8)
 *(.fini7)
 *(.fini7)
 *(.fini6)
 *(.fini6)
 *(.fini5)
 *(.fini5)
 *(.fini4)
 *(.fini4)
 *(.fini3)
 *(.fini3)
 *(.fini2)
 *(.fini2)
 *(.fini1)
 *(.fini1)
 *(.fini0)
 .fini0         0x00000372        0x4 c:/program files (x86)/atmel/atmel toolchain/avr8 gcc/native/3.4.1056/avr8-gnu-toolchain/bin/../lib/gcc/avr/4.8.1/avr25\libgcc.a(_exit.o)
 *(.fini0)
                0x00000376                _etext = .

.data           0x00800060        0x0 load address 0x00000376
                0x00800060                PROVIDE (__data_start, .)
 *(.data)
 .data          0x00800060        0x0 c:/program files (x86)/atmel/atmel toolchain/avr8 gcc/native/3.4.1056/avr8-gnu-toolchain/bin/../lib/gcc/avr/4.8.1/../../../../avr/lib/avr25/crttn85.o
 .data          0x00800060        0x0 CaliperDecoder.o
 .data          0x00800060        0x0 usiTwiSlave.o
 .data          0x00800060        0x0 c:/program files (x86)/atmel/atmel toolchain/avr8 gcc/native/3.4.1056/avr8-gnu-toolchain/bin/../lib/gcc/avr/4.8.1/avr25\libgcc.a(_exit.o)
 .data          0x00800060        0x0 c:/program files (x86)/atmel/atmel toolchain/avr8 gcc/native/3.4.1056/avr8-gnu-toolchain/bin/../lib/gcc/avr/4.8.1/avr25\libgcc.a(_copy_data.o)
 .data          0x00800060        0x0 c:/program files (x86)/atmel/atmel toolchain/avr8 gcc/native/3.4.1056/avr8-gnu-toolchain/bin/../lib/gcc/avr/4.8.1/avr25\libgcc.a(_clear_bss.o)
 *(.data*)
 *(.rodata)
 *(.rodata*)
 *(.gnu.linkonce.d*)
                0x00800060                . = ALIGN (0x2)
                0x00800060                _edata = .
                0x00800060                PROVIDE (__data_end, .)

.bss            0x00800060       0x2d
                0x00800060                PROVIDE (__bss_start, .)
 *(.bss)
 *(.bss*)
 .bss.ms        0x00800060        0x2 CaliperDecoder.o
                0x00800060                ms
 .bss.portbhistory
                0x00800062        0x1 CaliperDecoder.o
                0x00800062                portbhistory
 .bss.txTail    0x00800063        0x1 usiTwiSlave.o
 .bss.txHead    0x00800064        0x1 usiTwiSlave.o
 .bss.txBuf     0x00800065       0x10 usiTwiSlave.o
 .bss.rxTail    0x00800075        0x1 usiTwiSlave.o
 .bss.rxHead    0x00800076        0x1 usiTwiSlave.o
 .bss.rxBuf     0x00800077       0x10 usiTwiSlave.o
 .bss.overflowState
                0x00800087        0x1 usiTwiSlave.o
 .bss.slaveAddress
                0x00800088        0x1 usiTwiSlave.o
 *(COMMON)
 COMMON         0x00800089        0x4 CaliperDecoder.o
                0x00800089                lom
                0x0080008b                him
                0x0080008d                PROVIDE (__bss_end, .)
                0x00000376                __data_load_start = LOADADDR (.data)
                0x00000376                __data_load_end = (__data_load_start + SIZEOF (.data))

.noinit         0x0080008d        0x0
                0x0080008d                PROVIDE (__noinit_start, .)
 *(.noinit*)
                0x0080008d                PROVIDE (__noinit_end, .)
                0x0080008d                _end = .
                0x0080008d                PROVIDE (__heap_start, .)

.eeprom         0x00810000        0x0
 *(.eeprom*)
                0x00810000                __eeprom_end = .

.fuse
 *(.fuse)
 *(.lfuse)
 *(.hfuse)
 *(.efuse)

.lock
 *(.lock*)

.signature
 *(.signature*)

.user_signatures
 *(.user_signatures*)

.stab
 *(.stab)

.stabstr
 *(.stabstr)

.stab.excl
 *(.stab.excl)

.stab.exclstr
 *(.stab.exclstr)

.stab.index
 *(.stab.index)

.stab.indexstr
 *(.stab.indexstr)

.comment        0x00000000       0x30
 *(.comment)
 .comment       0x00000000       0x30 CaliperDecoder.o
                                 0x31 (size before relaxing)
 .comment       0x00000000       0x31 usiTwiSlave.o

.note.gnu.build-id
 *(.note.gnu.build-id)

.debug
 *(.debug)

.line
 *(.line)

.debug_srcinfo
 *(.debug_srcinfo)

.debug_sfnames
 *(.debug_sfnames)

.debug_aranges  0x00000000       0x80
 *(.debug_aranges)
 .debug_aranges
                0x00000000       0x38 CaliperDecoder.o
 .debug_aranges
                0x00000038       0x48 usiTwiSlave.o

.debug_pubnames
 *(.debug_pubnames)

.debug_info     0x00000000      0x4e4
 *(.debug_info .gnu.linkonce.wi.*)
 .debug_info    0x00000000      0x2a5 CaliperDecoder.o
 .debug_info    0x000002a5      0x23f usiTwiSlave.o

.debug_abbrev   0x00000000      0x29a
 *(.debug_abbrev)
 .debug_abbrev  0x00000000      0x189 CaliperDecoder.o
 .debug_abbrev  0x00000189      0x111 usiTwiSlave.o

.debug_line     0x00000000      0x6cb
 *(.debug_line .debug_line.* .debug_line_end)
 .debug_line    0x00000000      0x3cd CaliperDecoder.o
 .debug_line    0x000003cd      0x2fe usiTwiSlave.o

.debug_frame    0x00000000      0x148
 *(.debug_frame)
 .debug_frame   0x00000000       0xa4 CaliperDecoder.o
 .debug_frame   0x000000a4       0xa4 usiTwiSlave.o

.debug_str      0x00000000     0x62bc
 *(.debug_str)
 .debug_str     0x00000000     0x5cb1 CaliperDecoder.o
                               0x5d2a (size before relaxing)
 .debug_str     0x00005cb1      0x60b usiTwiSlave.o
                               0x5d52 (size before relaxing)

.debug_loc      0x00000000      0x298
 *(.debug_loc)
 .debug_loc     0x00000000      0x1c9 CaliperDecoder.o
 .debug_loc     0x000001c9       0xcf usiTwiSlave.o

.debug_macinfo
 *(.debug_macinfo)

.debug_weaknames
 *(.debug_weaknames)

.debug_funcnames
 *(.debug_funcnames)

.debug_typenames
 *(.debug_typenames)

.debug_varnames
 *(.debug_varnames)

.debug_pubtypes
 *(.debug_pubtypes)

.debug_ranges   0x00000000       0x60
 *(.debug_ranges)
 .debug_ranges  0x00000000       0x28 CaliperDecoder.o
 .debug_ranges  0x00000028       0x38 usiTwiSlave.o

.debug_macro    0x00000000     0x1ded
 *(.debug_macro)
 .debug_macro   0x00000000       0xe8 CaliperDecoder.o
 .debug_macro   0x000000e8      0xa12 CaliperDecoder.o
 .debug_macro   0x00000afa       0x10 CaliperDecoder.o
 .debug_macro   0x00000b0a      0x1ad CaliperDecoder.o
 .debug_macro   0x00000cb7      0x293 CaliperDecoder.o
 .debug_macro   0x00000f4a       0x9e CaliperDecoder.o
 .debug_macro   0x00000fe8      0x7ba CaliperDecoder.o
 .debug_macro   0x000017a2       0xc4 CaliperDecoder.o
 .debug_macro   0x00001866       0xc2 CaliperDecoder.o
 .debug_macro   0x00001928       0xbd CaliperDecoder.o
 .debug_macro   0x000019e5       0x34 CaliperDecoder.o
 .debug_macro   0x00001a19       0x18 CaliperDecoder.o
 .debug_macro   0x00001a31       0x34 CaliperDecoder.o
 .debug_macro   0x00001a65       0x4e CaliperDecoder.o
 .debug_macro   0x00001ab3       0x10 CaliperDecoder.o
 .debug_macro   0x00001ac3      0x16d CaliperDecoder.o
 .debug_macro   0x00001c30       0x69 CaliperDecoder.o
 .debug_macro   0x00001c99       0x22 CaliperDecoder.o
 .debug_macro   0x00001cbb       0x1c CaliperDecoder.o
 .debug_macro   0x00001cd7      0x116 usiTwiSlave.o
OUTPUT(CaliperDecoder.elf elf32-avr)
LOAD linker stubs
